// Jest Snapshot v1, https://goo.gl/fbAQLP

exports[`rotation should match snapshot for every day from 2017-01-01 to 2019-01-01 1`] = `
Object {
  "daily-0-sunday": "2018-12-30",
  "daily-1-monday": "2018-12-31",
  "daily-2-tuesday": "2018-12-25",
  "daily-3-wednesday": "2018-12-26",
  "daily-4-thursday": "2018-12-27",
  "daily-5-friday": "2018-11-30",
  "daily-6-saturday": "2018-12-29",
  "monthly-01-january": "2019-01-01",
  "monthly-02-february": "2018-02-01",
  "monthly-03-march": "2018-03-01",
  "monthly-05-may": "2018-05-01",
  "monthly-06-june": "2018-06-01",
  "monthly-07-july": "2018-07-01",
  "monthly-09-september": "2018-09-01",
  "monthly-10-october": "2018-10-01",
  "monthly-11-november": "2018-11-01",
  "quarterly-2017-0": "2017-04-01",
  "quarterly-2017-1": "2017-08-01",
  "quarterly-2017-2": "2017-12-01",
  "quarterly-2018-0": "2018-04-01",
  "quarterly-2018-1": "2018-08-01",
  "quarterly-2018-2": "2018-12-01",
  "weekly-1": "2018-12-07",
  "weekly-2": "2018-12-14",
  "weekly-3": "2018-12-21",
  "weekly-4": "2018-12-28",
}
`;
